
Memory Configuration

Name             Origin             Length             Attributes
*default*        0x0000000000000000 0xffffffffffffffff

Linker script and memory map

LOAD init/main.o
                [!provide]                        PROVIDE (__executable_start = SEGMENT_START ("text-segment", 0x8048000))
                0x00000000080480f4                . = (SEGMENT_START ("text-segment", 0x8048000) + SIZEOF_HEADERS)

.interp         0x00000000080480f4       0x13
 *(.interp)
 .interp        0x00000000080480f4       0x13 init/main.o

.note.gnu.build-id
 *(.note.gnu.build-id)

.hash           0x0000000008048108       0x10
 *(.hash)
 .hash          0x0000000008048108       0x10 init/main.o

.gnu.hash       0x0000000008048118       0x18
 *(.gnu.hash)
 .gnu.hash      0x0000000008048118       0x18 init/main.o

.dynsym         0x0000000008048130       0x10
 *(.dynsym)
 .dynsym        0x0000000008048130       0x10 init/main.o

.dynstr         0x0000000008048140        0xd
 *(.dynstr)
 .dynstr        0x0000000008048140        0xd init/main.o

.gnu.version    0x000000000804814e        0x0
 *(.gnu.version)
 .gnu.version   0x000000000804814e        0x0 init/main.o

.gnu.version_d  0x0000000008048150        0x0
 *(.gnu.version_d)
 .gnu.version_d
                0x0000000008048150        0x0 init/main.o

.gnu.version_r  0x0000000008048150        0x0
 *(.gnu.version_r)
 .gnu.version_r
                0x0000000008048150        0x0 init/main.o

.rel.dyn        0x0000000008048150        0x0
 *(.rel.init)
 *(.rel.text .rel.text.* .rel.gnu.linkonce.t.*)
 *(.rel.fini)
 *(.rel.rodata .rel.rodata.* .rel.gnu.linkonce.r.*)
 *(.rel.data.rel.ro .rel.data.rel.ro.* .rel.gnu.linkonce.d.rel.ro.*)
 .rel.data.rel.ro
                0x0000000008048150        0x0 init/main.o
 *(.rel.data .rel.data.* .rel.gnu.linkonce.d.*)
 *(.rel.tdata .rel.tdata.* .rel.gnu.linkonce.td.*)
 *(.rel.tbss .rel.tbss.* .rel.gnu.linkonce.tb.*)
 *(.rel.ctors)
 *(.rel.dtors)
 *(.rel.got)
 .rel.got       0x0000000008048150        0x0 init/main.o
 *(.rel.bss .rel.bss.* .rel.gnu.linkonce.b.*)
 .rel.bss       0x0000000008048150        0x0 init/main.o
 *(.rel.ifunc)

.rel.plt        0x0000000008048150        0x0
 *(.rel.plt)
 .rel.plt       0x0000000008048150        0x0 init/main.o
                [!provide]                        PROVIDE (__rel_iplt_start = .)
 *(.rel.iplt)
 .rel.iplt      0x0000000008048150        0x0 init/main.o
                [!provide]                        PROVIDE (__rel_iplt_end = .)

.init
 *(SORT_NONE(.init))

.plt            0x0000000008048150        0x0
 *(.plt)
 .plt           0x0000000008048150        0x0 init/main.o
 *(.iplt)
 .iplt          0x0000000008048150        0x0 init/main.o

.plt.got        0x0000000008048150        0x0
 *(.plt.got)
 .plt.got       0x0000000008048150        0x0 init/main.o

.plt.sec
 *(.plt.sec)

.text
 *(.text.unlikely .text.*_unlikely .text.unlikely.*)
 *(.text.exit .text.exit.*)
 *(.text.startup .text.startup.*)
 *(.text.hot .text.hot.*)
 *(.text .stub .text.* .gnu.linkonce.t.*)
 *(.gnu.warning)

.fini
 *(SORT_NONE(.fini))
                [!provide]                        PROVIDE (__etext = .)
                [!provide]                        PROVIDE (_etext = .)
                [!provide]                        PROVIDE (etext = .)

.rodata
 *(.rodata .rodata.* .gnu.linkonce.r.*)

.rodata1
 *(.rodata1)

.eh_frame_hdr
 *(.eh_frame_hdr)
 *(.eh_frame_entry .eh_frame_entry.*)

.eh_frame       0x0000000008048150        0x0
 *(.eh_frame)
 .eh_frame      0x0000000008048150        0x0 init/main.o
 .eh_frame      0x0000000008048150        0x0 init/main.o
 *(.eh_frame.*)

.gcc_except_table
 *(.gcc_except_table .gcc_except_table.*)

.gnu_extab
 *(.gnu_extab*)

.exception_ranges
 *(.exception_ranges .exception_ranges*)
                0x0000000008049f90                . = DATA_SEGMENT_ALIGN (CONSTANT (MAXPAGESIZE), CONSTANT (COMMONPAGESIZE))

.eh_frame
 *(.eh_frame)
 *(.eh_frame.*)

.gnu_extab
 *(.gnu_extab)

.gcc_except_table
 *(.gcc_except_table .gcc_except_table.*)

.exception_ranges
 *(.exception_ranges .exception_ranges*)

.tdata
 *(.tdata .tdata.* .gnu.linkonce.td.*)

.tbss
 *(.tbss .tbss.* .gnu.linkonce.tb.*)
 *(.tcommon)

.preinit_array  0x0000000008049f90        0x0
                [!provide]                        PROVIDE (__preinit_array_start = .)
 *(.preinit_array)
                [!provide]                        PROVIDE (__preinit_array_end = .)

.init_array     0x0000000008049f90        0x0
                [!provide]                        PROVIDE (__init_array_start = .)
 *(SORT_BY_INIT_PRIORITY(.init_array.*) SORT_BY_INIT_PRIORITY(.ctors.*))
 *(.init_array EXCLUDE_FILE(*crtend?.o *crtend.o *crtbegin?.o *crtbegin.o) .ctors)
                [!provide]                        PROVIDE (__init_array_end = .)

.fini_array     0x0000000008049f90        0x0
                [!provide]                        PROVIDE (__fini_array_start = .)
 *(SORT_BY_INIT_PRIORITY(.fini_array.*) SORT_BY_INIT_PRIORITY(.dtors.*))
 *(.fini_array EXCLUDE_FILE(*crtend?.o *crtend.o *crtbegin?.o *crtbegin.o) .dtors)
                [!provide]                        PROVIDE (__fini_array_end = .)

.ctors
 *crtbegin.o(.ctors)
 *crtbegin?.o(.ctors)
 *(EXCLUDE_FILE(*crtend?.o *crtend.o) .ctors)
 *(SORT_BY_NAME(.ctors.*))
 *(.ctors)

.dtors
 *crtbegin.o(.dtors)
 *crtbegin?.o(.dtors)
 *(EXCLUDE_FILE(*crtend?.o *crtend.o) .dtors)
 *(SORT_BY_NAME(.dtors.*))
 *(.dtors)

.jcr
 *(.jcr)

.data.rel.ro    0x0000000008049f90        0x0
 *(.data.rel.ro.local* .gnu.linkonce.d.rel.ro.local.*)
 *(.data.rel.ro .data.rel.ro.* .gnu.linkonce.d.rel.ro.*)
 .data.rel.ro   0x0000000008049f90        0x0 init/main.o

.dynamic        0x0000000008049f90       0x70
 *(.dynamic)
 .dynamic       0x0000000008049f90       0x70 init/main.o
                0x0000000008049f90                _DYNAMIC

.got            0x000000000804a000        0x0
 *(.got)
 .got           0x000000000804a000        0x0 init/main.o
 *(.igot)
                0x000000000804a000                . = DATA_SEGMENT_RELRO_END (., (SIZEOF (.got.plt) >= 0xc)?0xc:0x0)

.got.plt        0x000000000804a000        0x0
 *(.got.plt)
 .got.plt       0x000000000804a000        0x0 init/main.o
 *(.igot.plt)
 .igot.plt      0x000000000804a000        0x0 init/main.o

.data
 *(.data .data.* .gnu.linkonce.d.*)

.data1
 *(.data1)
                0x000000000804a000                _edata = .
                [!provide]                        PROVIDE (edata = .)
                0x000000000804a000                . = .
                0x000000000804a000                __bss_start = .

.bss            0x000000000804a000        0x0
 *(.dynbss)
 .dynbss        0x000000000804a000        0x0 init/main.o
 *(.bss .bss.* .gnu.linkonce.b.*)
 *(COMMON)
                0x000000000804a000                . = ALIGN ((. != 0x0)?0x4:0x1)
                0x000000000804a000                . = ALIGN (0x4)
                0x000000000804a000                . = SEGMENT_START ("ldata-segment", .)
                0x000000000804a000                . = ALIGN (0x4)
                0x000000000804a000                _end = .
                [!provide]                        PROVIDE (end = .)
                0x000000000804a000                . = DATA_SEGMENT_END (.)

.stab
 *(.stab)

.stabstr
 *(.stabstr)

.stab.excl
 *(.stab.excl)

.stab.exclstr
 *(.stab.exclstr)

.stab.index
 *(.stab.index)

.stab.indexstr
 *(.stab.indexstr)

.comment
 *(.comment)

.debug
 *(.debug)

.line
 *(.line)

.debug_srcinfo
 *(.debug_srcinfo)

.debug_sfnames
 *(.debug_sfnames)

.debug_aranges
 *(.debug_aranges)

.debug_pubnames
 *(.debug_pubnames)

.debug_info
 *(.debug_info .gnu.linkonce.wi.*)

.debug_abbrev
 *(.debug_abbrev)

.debug_line
 *(.debug_line .debug_line.* .debug_line_end)

.debug_frame
 *(.debug_frame)

.debug_str
 *(.debug_str)

.debug_loc
 *(.debug_loc)

.debug_macinfo
 *(.debug_macinfo)

.debug_weaknames
 *(.debug_weaknames)

.debug_funcnames
 *(.debug_funcnames)

.debug_typenames
 *(.debug_typenames)

.debug_varnames
 *(.debug_varnames)

.debug_pubtypes
 *(.debug_pubtypes)

.debug_ranges
 *(.debug_ranges)

.debug_macro
 *(.debug_macro)

.debug_addr
 *(.debug_addr)

.gnu.attributes
 *(.gnu.attributes)

/DISCARD/
 *(.note.GNU-stack)
 *(.gnu_debuglink)
 *(.gnu.lto_*)
OUTPUT(tools/system elf32-i386)
